2025-06-10T23:59:10.729Z [error] lpte-svc: Request timed out after 5000ms. Request meta={"namespace":"module-league-static","type":"request-constants","version":1,"reply":"request-constants-1f1512a4","channelType":"REQUEST"}
2025-06-11T00:00:13.959Z [error] lpte-svc: Request timed out after 5000ms. Request meta={"namespace":"module-league-state","type":"set-game","version":1,"reply":"set-game-c633815f","channelType":"REQUEST"}
2025-06-11T00:00:13.961Z [error] lpte-svc: Request timed out after 5000ms. Request meta={"channelType":"REQUEST","namespace":"module-league-static","type":"request-constants","version":1,"sender":{"name":"module-league-state","version":"4.13.1","mode":"PLUGIN","path":"C:\\Users\\Nicholas\\Desktop\\Prod Tool Kit\\modules\\module-league-state"},"reply":"request-constants-lku66pombr6o6wx"}
2025-06-11T00:00:49.952Z [error] lpte-svc: Request timed out after 5000ms. Request meta={"namespace":"module-league-static","type":"request-constants","version":1,"reply":"request-constants-ea127a7a","channelType":"REQUEST"}
2025-06-11T00:11:32.918Z [error] lpte-svc: Request timed out after 5000ms. Request meta={"namespace":"module-league-static","type":"request-constants","version":1,"reply":"request-constants-3b1515e2","channelType":"REQUEST"}
2025-06-11T00:11:46.055Z [error] lpte-svc: Request timed out after 5000ms. Request meta={"namespace":"module-league-state","type":"set-game","version":1,"reply":"set-game-bb56fa9f","channelType":"REQUEST"}
2025-06-11T00:11:46.055Z [error] lpte-svc: Request timed out after 5000ms. Request meta={"channelType":"REQUEST","namespace":"module-league-static","type":"request-constants","version":1,"sender":{"name":"module-league-state","version":"4.13.1","mode":"PLUGIN","path":"C:\\Users\\Nicholas\\Desktop\\Prod Tool Kit\\modules\\module-league-state"},"reply":"request-constants-lku66pombr730xq"}
2025-06-11T00:12:04.625Z [error] lpte-svc: Request timed out after 5000ms. Request meta={"namespace":"module-league-state","type":"set-game","version":1,"reply":"set-game-bb27befa","channelType":"REQUEST"}
2025-06-11T00:12:04.627Z [error] lpte-svc: Request timed out after 5000ms. Request meta={"channelType":"REQUEST","namespace":"module-league-static","type":"request-constants","version":1,"sender":{"name":"module-league-state","version":"4.13.1","mode":"PLUGIN","path":"C:\\Users\\Nicholas\\Desktop\\Prod Tool Kit\\modules\\module-league-state"},"reply":"request-constants-lku66pombr73f9n"}
2025-06-11T00:12:05.851Z [error] lpte-svc: Request timed out after 5000ms. Request meta={"namespace":"module-league-state","type":"set-game","version":1,"reply":"set-game-83358c00","channelType":"REQUEST"}
2025-06-11T00:12:05.853Z [error] lpte-svc: Request timed out after 5000ms. Request meta={"channelType":"REQUEST","namespace":"module-league-static","type":"request-constants","version":1,"sender":{"name":"module-league-state","version":"4.13.1","mode":"PLUGIN","path":"C:\\Users\\Nicholas\\Desktop\\Prod Tool Kit\\modules\\module-league-state"},"reply":"request-constants-lku66pombr73g7p"}
2025-06-11T00:12:21.351Z [error] lpte-svc: Request timed out after 5000ms. Request meta={"namespace":"module-league-state","type":"set-game","version":1,"reply":"set-game-3998c0f8","channelType":"REQUEST"}
2025-06-11T00:12:21.352Z [error] lpte-svc: Request timed out after 5000ms. Request meta={"channelType":"REQUEST","namespace":"module-league-static","type":"request-constants","version":1,"sender":{"name":"module-league-state","version":"4.13.1","mode":"PLUGIN","path":"C:\\Users\\Nicholas\\Desktop\\Prod Tool Kit\\modules\\module-league-state"},"reply":"request-constants-lku66pombr73s68"}
2025-06-11T00:12:34.700Z [error] lpte-svc: Request timed out after 5000ms. Request meta={"namespace":"module-league-state","type":"set-game","version":1,"reply":"set-game-def9753","channelType":"REQUEST"}
2025-06-11T00:12:34.703Z [error] lpte-svc: Request timed out after 5000ms. Request meta={"channelType":"REQUEST","namespace":"module-league-static","type":"request-constants","version":1,"sender":{"name":"module-league-state","version":"4.13.1","mode":"PLUGIN","path":"C:\\Users\\Nicholas\\Desktop\\Prod Tool Kit\\modules\\module-league-state"},"reply":"request-constants-lku66pombr742h2"}
2025-06-11T00:13:15.555Z [error] lpte-svc: Request timed out after 5000ms. Request meta={"namespace":"module-league-state","type":"set-game","version":1,"reply":"set-game-4882afac","channelType":"REQUEST"}
2025-06-11T00:13:15.558Z [error] lpte-svc: Request timed out after 5000ms. Request meta={"channelType":"REQUEST","namespace":"module-league-static","type":"request-constants","version":1,"sender":{"name":"module-league-state","version":"4.13.1","mode":"PLUGIN","path":"C:\\Users\\Nicholas\\Desktop\\Prod Tool Kit\\modules\\module-league-state"},"reply":"request-constants-lku66pombr74xzy"}
2025-09-21T08:15:25.498Z [error] lpte-svc: Request timed out after 5000ms. Request meta={"namespace":"module-league-static","type":"request-constants","version":1,"reply":"request-constants-a7defb84","channelType":"REQUEST"}
2025-09-21T08:31:14.612Z [error] lpte-svc: Request timed out after 5000ms. Request meta={"channelType":"REQUEST","namespace":"module-league-static","type":"request-constants","version":1,"sender":{"name":"module-league-state","version":"4.13.1","mode":"PLUGIN","path":"C:\\Users\\Nicholas\\Desktop\\Prod Tool Kit\\modules\\module-league-state"},"reply":"request-constants-lku64u0mftfu8tn"}
2025-09-21T08:31:43.693Z [error] lpte-svc: Request timed out after 5000ms. Request meta={"namespace":"module-league-static","type":"request-constants","version":1,"reply":"request-constants-ff7e9595","channelType":"REQUEST"}
2025-09-21T08:32:22.053Z [error] lpte-svc: Request timed out after 5000ms. Request meta={"channelType":"REQUEST","namespace":"module-league-static","type":"request-constants","version":1,"sender":{"name":"module-league-state","version":"4.13.1","mode":"PLUGIN","path":"C:\\Users\\Nicholas\\Desktop\\Prod Tool Kit\\modules\\module-league-state"},"reply":"request-constants-lku64u0mftfvouz"}
2025-09-21T08:33:21.270Z [error] lpte-svc: Request timed out after 5000ms. Request meta={"namespace":"module-league-static","type":"request-constants","version":1,"reply":"request-constants-e6762cd2","channelType":"REQUEST"}
2025-09-21T08:33:31.712Z [error] lpte-svc: Request timed out after 5000ms. Request meta={"namespace":"module-league-state","type":"set-game","version":1,"reply":"set-game-d903e8a9","channelType":"REQUEST"}
2025-09-21T08:33:31.715Z [error] lpte-svc: Request timed out after 5000ms. Request meta={"channelType":"REQUEST","namespace":"module-league-static","type":"request-constants","version":1,"sender":{"name":"module-league-state","version":"4.13.1","mode":"PLUGIN","path":"C:\\Users\\Nicholas\\Desktop\\Prod Tool Kit\\modules\\module-league-state"},"reply":"request-constants-lku64u0mftfx6m1"}
2025-09-21T08:33:37.011Z [error] lpte-svc: Request timed out after 5000ms. Request meta={"namespace":"module-league-state","type":"set-game","version":1,"reply":"set-game-dfa0ebc0","channelType":"REQUEST"}
2025-09-21T08:33:37.011Z [error] lpte-svc: Request timed out after 5000ms. Request meta={"channelType":"REQUEST","namespace":"module-league-static","type":"request-constants","version":1,"sender":{"name":"module-league-state","version":"4.13.1","mode":"PLUGIN","path":"C:\\Users\\Nicholas\\Desktop\\Prod Tool Kit\\modules\\module-league-state"},"reply":"request-constants-lku64u0mftfxap7"}
2025-09-21T08:33:43.814Z [error] lpte-svc: Request timed out after 5000ms. Request meta={"namespace":"module-league-state","type":"set-game","version":1,"reply":"set-game-9084646","channelType":"REQUEST"}
2025-09-21T08:33:43.814Z [error] lpte-svc: Request timed out after 5000ms. Request meta={"channelType":"REQUEST","namespace":"module-league-static","type":"request-constants","version":1,"sender":{"name":"module-league-state","version":"4.13.1","mode":"PLUGIN","path":"C:\\Users\\Nicholas\\Desktop\\Prod Tool Kit\\modules\\module-league-state"},"reply":"request-constants-lku64u0mftfxfy5"}
2025-09-21T08:33:46.652Z [error] lpte-svc: Request timed out after 5000ms. Request meta={"namespace":"module-league-state","type":"set-game","version":1,"reply":"set-game-bc9996fe","channelType":"REQUEST"}
2025-09-21T08:33:46.653Z [error] lpte-svc: Request timed out after 5000ms. Request meta={"channelType":"REQUEST","namespace":"module-league-static","type":"request-constants","version":1,"sender":{"name":"module-league-state","version":"4.13.1","mode":"PLUGIN","path":"C:\\Users\\Nicholas\\Desktop\\Prod Tool Kit\\modules\\module-league-state"},"reply":"request-constants-lku64u0mftfxi52"}
2025-09-21T08:33:52.115Z [error] lpte-svc: Request timed out after 5000ms. Request meta={"namespace":"module-league-state","type":"set-game","version":1,"reply":"set-game-5b6259a8","channelType":"REQUEST"}
2025-09-21T08:33:52.115Z [error] lpte-svc: Request timed out after 5000ms. Request meta={"channelType":"REQUEST","namespace":"module-league-static","type":"request-constants","version":1,"sender":{"name":"module-league-state","version":"4.13.1","mode":"PLUGIN","path":"C:\\Users\\Nicholas\\Desktop\\Prod Tool Kit\\modules\\module-league-state"},"reply":"request-constants-lku64u0mftfxmcs"}
2025-09-21T08:33:56.670Z [error] lpte-svc: Request timed out after 5000ms. Request meta={"namespace":"module-league-state","type":"set-game","version":1,"reply":"set-game-23c7dc5e","channelType":"REQUEST"}
2025-09-21T08:33:56.672Z [error] lpte-svc: Request timed out after 5000ms. Request meta={"channelType":"REQUEST","namespace":"module-league-static","type":"request-constants","version":1,"sender":{"name":"module-league-state","version":"4.13.1","mode":"PLUGIN","path":"C:\\Users\\Nicholas\\Desktop\\Prod Tool Kit\\modules\\module-league-state"},"reply":"request-constants-lku64u0mftfxpvb"}
2025-09-21T08:34:02.932Z [error] lpte-svc: Request timed out after 5000ms. Request meta={"namespace":"module-league-state","type":"set-game","version":1,"reply":"set-game-d8f93805","channelType":"REQUEST"}
2025-09-21T08:34:02.934Z [error] lpte-svc: Request timed out after 5000ms. Request meta={"channelType":"REQUEST","namespace":"module-league-static","type":"request-constants","version":1,"sender":{"name":"module-league-state","version":"4.13.1","mode":"PLUGIN","path":"C:\\Users\\Nicholas\\Desktop\\Prod Tool Kit\\modules\\module-league-state"},"reply":"request-constants-lku64u0mftfxupa"}
2025-09-21T08:34:06.581Z [error] lpte-svc: Request timed out after 5000ms. Request meta={"namespace":"module-league-state","type":"set-game","version":1,"reply":"set-game-bc630a6a","channelType":"REQUEST"}
2025-09-21T08:34:06.585Z [error] lpte-svc: Request timed out after 5000ms. Request meta={"channelType":"REQUEST","namespace":"module-league-static","type":"request-constants","version":1,"sender":{"name":"module-league-state","version":"4.13.1","mode":"PLUGIN","path":"C:\\Users\\Nicholas\\Desktop\\Prod Tool Kit\\modules\\module-league-state"},"reply":"request-constants-lku64u0mftfxxin"}
2025-09-21T08:34:37.937Z [error] lpte-svc: Request timed out after 5000ms. Request meta={"namespace":"module-league-state","type":"set-game","version":1,"reply":"set-game-5b34e11","channelType":"REQUEST"}
2025-09-21T08:34:37.937Z [error] lpte-svc: Request timed out after 5000ms. Request meta={"channelType":"REQUEST","namespace":"module-league-static","type":"request-constants","version":1,"sender":{"name":"module-league-state","version":"4.13.1","mode":"PLUGIN","path":"C:\\Users\\Nicholas\\Desktop\\Prod Tool Kit\\modules\\module-league-state"},"reply":"request-constants-lku64u0mftfylpl"}
2025-09-21T08:34:50.757Z [error] lpte-svc: Request timed out after 5000ms. Request meta={"namespace":"module-league-state","type":"set-game","version":1,"reply":"set-game-f7dc022","channelType":"REQUEST"}
2025-09-21T08:34:50.757Z [error] lpte-svc: Request timed out after 5000ms. Request meta={"channelType":"REQUEST","namespace":"module-league-static","type":"request-constants","version":1,"sender":{"name":"module-league-state","version":"4.13.1","mode":"PLUGIN","path":"C:\\Users\\Nicholas\\Desktop\\Prod Tool Kit\\modules\\module-league-state"},"reply":"request-constants-lku64u0mftfyvlp"}
2025-09-21T08:36:00.199Z [error] lpte-svc: Request timed out after 5000ms. Request meta={"namespace":"module-league-static","type":"request-constants","version":1,"reply":"request-constants-1b3a13d2","channelType":"REQUEST"}
2025-09-21T08:36:05.331Z [error] lpte-svc: Request timed out after 5000ms. Request meta={"namespace":"module-league-state","type":"set-game","version":1,"reply":"set-game-788fa89e","channelType":"REQUEST"}
2025-09-21T08:36:05.331Z [error] lpte-svc: Request timed out after 5000ms. Request meta={"channelType":"REQUEST","namespace":"module-league-static","type":"request-constants","version":1,"sender":{"name":"module-league-state","version":"4.13.1","mode":"PLUGIN","path":"C:\\Users\\Nicholas\\Desktop\\Prod Tool Kit\\modules\\module-league-state"},"reply":"request-constants-lku64u0mftg0h57"}
2025-09-21T08:36:06.435Z [error] lpte-svc: Request timed out after 5000ms. Request meta={"namespace":"module-league-state","type":"set-game","version":1,"reply":"set-game-ab1f2ec3","channelType":"REQUEST"}
2025-09-21T08:36:06.435Z [error] lpte-svc: Request timed out after 5000ms. Request meta={"channelType":"REQUEST","namespace":"module-league-static","type":"request-constants","version":1,"sender":{"name":"module-league-state","version":"4.13.1","mode":"PLUGIN","path":"C:\\Users\\Nicholas\\Desktop\\Prod Tool Kit\\modules\\module-league-state"},"reply":"request-constants-lku64u0mftg0hzv"}
2025-09-21T08:36:06.586Z [error] lpte-svc: Request timed out after 5000ms. Request meta={"namespace":"module-league-state","type":"set-game","version":1,"reply":"set-game-f0fcc3ab","channelType":"REQUEST"}
2025-09-21T08:36:06.587Z [error] lpte-svc: Request timed out after 5000ms. Request meta={"channelType":"REQUEST","namespace":"module-league-static","type":"request-constants","version":1,"sender":{"name":"module-league-state","version":"4.13.1","mode":"PLUGIN","path":"C:\\Users\\Nicholas\\Desktop\\Prod Tool Kit\\modules\\module-league-state"},"reply":"request-constants-lku64u0mftg0i42"}
2025-09-21T08:36:07.459Z [error] lpte-svc: Request timed out after 5000ms. Request meta={"namespace":"module-league-static","type":"request-constants","version":1,"reply":"request-constants-4ebfb8c3","channelType":"REQUEST"}
2025-09-21T08:36:09.064Z [error] lpte-svc: Request timed out after 5000ms. Request meta={"namespace":"module-league-state","type":"set-game","version":1,"reply":"set-game-a5382cdd","channelType":"REQUEST"}
2025-09-21T08:36:09.067Z [error] lpte-svc: Request timed out after 5000ms. Request meta={"channelType":"REQUEST","namespace":"module-league-static","type":"request-constants","version":1,"sender":{"name":"module-league-state","version":"4.13.1","mode":"PLUGIN","path":"C:\\Users\\Nicholas\\Desktop\\Prod Tool Kit\\modules\\module-league-state"},"reply":"request-constants-lku64u0mftg0k0z"}
2025-09-21T08:36:11.859Z [error] lpte-svc: Request timed out after 5000ms. Request meta={"namespace":"module-league-state","type":"set-game","version":1,"reply":"set-game-7f8a2d86","channelType":"REQUEST"}
2025-09-21T08:36:11.860Z [error] lpte-svc: Request timed out after 5000ms. Request meta={"channelType":"REQUEST","namespace":"module-league-static","type":"request-constants","version":1,"sender":{"name":"module-league-state","version":"4.13.1","mode":"PLUGIN","path":"C:\\Users\\Nicholas\\Desktop\\Prod Tool Kit\\modules\\module-league-state"},"reply":"request-constants-lku64u0mftg0m6k"}
2025-09-21T08:36:16.662Z [error] lpte-svc: Request timed out after 5000ms. Request meta={"namespace":"module-league-state","type":"set-game","version":1,"reply":"set-game-56326524","channelType":"REQUEST"}
2025-09-21T08:36:16.662Z [error] lpte-svc: Request timed out after 5000ms. Request meta={"channelType":"REQUEST","namespace":"module-league-static","type":"request-constants","version":1,"sender":{"name":"module-league-state","version":"4.13.1","mode":"PLUGIN","path":"C:\\Users\\Nicholas\\Desktop\\Prod Tool Kit\\modules\\module-league-state"},"reply":"request-constants-lku64u0mftg0pvx"}
2025-09-21T08:36:18.886Z [error] lpte-svc: Request timed out after 5000ms. Request meta={"namespace":"module-league-state","type":"set-game","version":1,"reply":"set-game-4c41cb10","channelType":"REQUEST"}
2025-09-21T08:36:18.888Z [error] lpte-svc: Request timed out after 5000ms. Request meta={"channelType":"REQUEST","namespace":"module-league-static","type":"request-constants","version":1,"sender":{"name":"module-league-state","version":"4.13.1","mode":"PLUGIN","path":"C:\\Users\\Nicholas\\Desktop\\Prod Tool Kit\\modules\\module-league-state"},"reply":"request-constants-lku64u0mftg0rls"}
2025-09-21T08:38:38.483Z [error] plugin-webapi: Failed to get match information for matchId=NA1_undefined. Maybe the match is not over yet? error=GenericError: Request failed with status code 404
2025-09-21T08:38:38.483Z [error] plugin-webapi: Failed to get match information for matchId=NA1_undefined. Maybe the match is not over yet? error=GenericError: Request failed with status code 404
2025-09-21T08:38:38.484Z [error] module-league-state: Loading match failed for gameId=undefined
2025-09-21T08:38:38.485Z [error] module-league-state: Loading match failed for gameId=undefined
2025-09-21T08:38:38.545Z [error] plugin-webapi: Failed to get match information for matchId=NA1_undefined. Maybe the match is not over yet? error=GenericError: Request failed with status code 404
2025-09-21T08:38:38.557Z [error] plugin-webapi: Failed to get match information for matchId=NA1_undefined. Maybe the match is not over yet? error=GenericError: Request failed with status code 404
2025-09-21T08:39:50.382Z [error] plugin-webapi: Failed to get match information for matchId=NA1_undefined. Maybe the match is not over yet? error=GenericError: Request failed with status code 404
2025-09-21T08:39:50.383Z [error] module-league-state: Loading match failed for gameId=undefined
2025-09-21T08:39:50.384Z [error] plugin-webapi: Failed to get match information for matchId=NA1_undefined. Maybe the match is not over yet? error=GenericError: Request failed with status code 404
2025-09-21T08:39:50.385Z [error] module-league-state: Loading match failed for gameId=undefined
2025-09-21T08:39:50.386Z [error] plugin-webapi: Failed to get match information for matchId=NA1_undefined. Maybe the match is not over yet? error=GenericError: Request failed with status code 404
2025-09-21T08:39:50.388Z [error] plugin-webapi: Failed to get match information for matchId=NA1_undefined. Maybe the match is not over yet? error=GenericError: Request failed with status code 404
2025-09-21T08:39:53.667Z [error] plugin-webapi: Failed to get match information for matchId=NA1_undefined. Maybe the match is not over yet? error=GenericError: Request failed with status code 404
2025-09-21T08:39:53.668Z [error] plugin-webapi: Failed to get match information for matchId=NA1_undefined. Maybe the match is not over yet? error=GenericError: Request failed with status code 404
2025-09-21T08:39:53.669Z [error] module-league-state: Loading match failed for gameId=undefined
2025-09-21T08:39:53.669Z [error] module-league-state: Loading match failed for gameId=undefined
2025-09-21T08:39:53.672Z [error] plugin-webapi: Failed to get match information for matchId=NA1_undefined. Maybe the match is not over yet? error=GenericError: Request failed with status code 404
2025-09-21T08:39:53.680Z [error] plugin-webapi: Failed to get match information for matchId=NA1_undefined. Maybe the match is not over yet? error=GenericError: Request failed with status code 404
2025-09-21T08:40:06.769Z [error] plugin-webapi: Failed to get match information for matchId=NA1_undefined. Maybe the match is not over yet? error=GenericError: Request failed with status code 404
2025-09-21T08:40:06.770Z [error] module-league-state: Loading match failed for gameId=undefined
2025-09-21T08:40:06.771Z [error] plugin-webapi: Failed to get match information for matchId=NA1_undefined. Maybe the match is not over yet? error=GenericError: Request failed with status code 404
2025-09-21T08:40:06.772Z [error] module-league-state: Loading match failed for gameId=undefined
2025-09-21T08:40:06.773Z [error] plugin-webapi: Failed to get match information for matchId=NA1_undefined. Maybe the match is not over yet? error=GenericError: Request failed with status code 404
2025-09-21T08:40:06.778Z [error] plugin-webapi: Failed to get match information for matchId=NA1_undefined. Maybe the match is not over yet? error=GenericError: Request failed with status code 404
2025-09-27T09:53:04.449Z [error] lpte-svc: Request timed out after 5000ms. Request meta={"namespace":"module-league-in-game","type":"request","version":1,"reply":"request-400668e6","channelType":"REQUEST"}
2025-09-27T09:53:27.524Z [error] lpte-svc: Request timed out after 5000ms. Request meta={"namespace":"module-league-static","type":"request-constants","version":1,"reply":"request-constants-a81b3662","channelType":"REQUEST"}
2025-09-27T09:53:32.369Z [error] lpte-svc: Request timed out after 5000ms. Request meta={"namespace":"module-league-state","type":"set-game","version":1,"reply":"set-game-9beb72d4","channelType":"REQUEST"}
2025-09-27T09:53:32.371Z [error] lpte-svc: Request timed out after 5000ms. Request meta={"channelType":"REQUEST","namespace":"module-league-static","type":"request-constants","version":1,"sender":{"name":"module-league-state","version":"4.14.2","mode":"PLUGIN","path":"C:\\Users\\Nicholas\\Desktop\\Prod Tool Kit\\modules\\module-league-state"},"reply":"request-constants-lku6e0wmg23f6tn"}
2025-09-27T09:53:38.170Z [error] lpte-svc: Request timed out after 5000ms. Request meta={"namespace":"module-league-state","type":"set-game","version":1,"reply":"set-game-a88120bf","channelType":"REQUEST"}
2025-09-27T09:53:38.171Z [error] lpte-svc: Request timed out after 5000ms. Request meta={"channelType":"REQUEST","namespace":"module-league-static","type":"request-constants","version":1,"sender":{"name":"module-league-state","version":"4.14.2","mode":"PLUGIN","path":"C:\\Users\\Nicholas\\Desktop\\Prod Tool Kit\\modules\\module-league-state"},"reply":"request-constants-lku6e0wmg23fbap"}
2025-09-27T09:53:43.931Z [error] lpte-svc: Request timed out after 5000ms. Request meta={"namespace":"module-league-state","type":"set-game","version":1,"reply":"set-game-bf7a739e","channelType":"REQUEST"}
2025-09-27T09:53:43.931Z [error] lpte-svc: Request timed out after 5000ms. Request meta={"channelType":"REQUEST","namespace":"module-league-static","type":"request-constants","version":1,"sender":{"name":"module-league-state","version":"4.14.2","mode":"PLUGIN","path":"C:\\Users\\Nicholas\\Desktop\\Prod Tool Kit\\modules\\module-league-state"},"reply":"request-constants-lku6e0wmg23ffqr"}
2025-09-27T09:53:49.780Z [error] lpte-svc: Request timed out after 5000ms. Request meta={"namespace":"module-league-state","type":"set-game","version":1,"reply":"set-game-4d3c6fe8","channelType":"REQUEST"}
2025-09-27T09:53:49.784Z [error] lpte-svc: Request timed out after 5000ms. Request meta={"channelType":"REQUEST","namespace":"module-league-static","type":"request-constants","version":1,"sender":{"name":"module-league-state","version":"4.14.2","mode":"PLUGIN","path":"C:\\Users\\Nicholas\\Desktop\\Prod Tool Kit\\modules\\module-league-state"},"reply":"request-constants-lku6e0wmg23fk9a"}
2025-09-27T09:54:22.700Z [error] lpte-svc: Request timed out after 5000ms. Request meta={"namespace":"module-league-state","type":"set-game","version":1,"reply":"set-game-1856f5f0","channelType":"REQUEST"}
2025-09-27T09:54:22.700Z [error] lpte-svc: Request timed out after 5000ms. Request meta={"channelType":"REQUEST","namespace":"module-league-static","type":"request-constants","version":1,"sender":{"name":"module-league-state","version":"4.14.2","mode":"PLUGIN","path":"C:\\Users\\Nicholas\\Desktop\\Prod Tool Kit\\modules\\module-league-state"},"reply":"request-constants-lku6e0wmg23g9nn"}
2025-09-27T09:54:32.441Z [error] lpte-svc: Request timed out after 5000ms. Request meta={"namespace":"module-league-state","type":"set-game","version":1,"reply":"set-game-2460b4c7","channelType":"REQUEST"}
2025-09-27T09:54:32.441Z [error] lpte-svc: Request timed out after 5000ms. Request meta={"channelType":"REQUEST","namespace":"module-league-static","type":"request-constants","version":1,"sender":{"name":"module-league-state","version":"4.14.2","mode":"PLUGIN","path":"C:\\Users\\Nicholas\\Desktop\\Prod Tool Kit\\modules\\module-league-state"},"reply":"request-constants-lku6e0wmg23gh69"}
2025-09-27T09:54:36.545Z [error] lpte-svc: Request timed out after 5000ms. Request meta={"namespace":"module-league-state","type":"set-game","version":1,"reply":"set-game-fe91e8cb","channelType":"REQUEST"}
2025-09-27T09:54:36.546Z [error] lpte-svc: Request timed out after 5000ms. Request meta={"channelType":"REQUEST","namespace":"module-league-static","type":"request-constants","version":1,"sender":{"name":"module-league-state","version":"4.14.2","mode":"PLUGIN","path":"C:\\Users\\Nicholas\\Desktop\\Prod Tool Kit\\modules\\module-league-state"},"reply":"request-constants-lku6e0wmg23gkc9"}
2025-09-27T09:54:48.970Z [error] lpte-svc: Request timed out after 5000ms. Request meta={"namespace":"module-league-static","type":"request-constants","version":1,"reply":"request-constants-251d9613","channelType":"REQUEST"}
2025-09-27T09:54:50.590Z [error] lpte-svc: Request timed out after 5000ms. Request meta={"namespace":"module-league-static","type":"request-constants","version":1,"reply":"request-constants-b06b3e32","channelType":"REQUEST"}
2025-09-27T09:54:51.189Z [error] lpte-svc: Request timed out after 5000ms. Request meta={"namespace":"module-league-static","type":"request-constants","version":1,"reply":"request-constants-b1e35d1a","channelType":"REQUEST"}
2025-09-27T09:54:59.641Z [error] lpte-svc: Request timed out after 5000ms. Request meta={"namespace":"module-league-static","type":"request-constants","version":1,"reply":"request-constants-90eea050","channelType":"REQUEST"}
2025-09-27T09:56:53.769Z [error] plugin-webapi: Failed to get match information for matchId=NA1_NA1_5294880426. Maybe the match is not over yet? error=GenericError: Request failed with status code 404
2025-09-27T09:56:53.771Z [error] module-league-state: Loading match failed for gameId=NA1_5294880426
2025-09-27T09:57:08.161Z [error] plugin-webapi: Failed to get match information for matchId=NA1_NA1_5294880426. Maybe the match is not over yet? error=GenericError: Request failed with status code 404
2025-09-27T09:57:08.164Z [error] module-league-state: Loading match failed for gameId=NA1_5294880426
2025-09-27T09:57:14.260Z [error] plugin-webapi: Failed to get match information for matchId=NA1_NA1_5294880426. Maybe the match is not over yet? error=GenericError: Request failed with status code 404
2025-09-27T09:57:14.263Z [error] module-league-state: Loading match failed for gameId=NA1_5294880426
2025-09-27T09:57:19.210Z [error] plugin-webapi: Failed to get match information for matchId=NA1_NA1_5342816024. Maybe the match is not over yet? error=GenericError: Request failed with status code 404
2025-09-27T09:57:19.212Z [error] module-league-state: Loading match failed for gameId=NA1_5342816024
2025-09-27T09:57:29.559Z [error] plugin-webapi: Failed to get match information for matchId=NA1_NA1_5342816024. Maybe the match is not over yet? error=GenericError: Request failed with status code 404
2025-09-27T09:57:29.560Z [error] module-league-state: Loading match failed for gameId=NA1_5342816024
2025-09-27T09:57:37.746Z [error] plugin-webapi: Failed to get match information for matchId=NA1_undefined. Maybe the match is not over yet? error=GenericError: Request failed with status code 404
2025-09-27T09:57:37.749Z [error] module-league-state: Loading match failed for gameId=undefined
2025-09-27T09:57:40.269Z [error] plugin-webapi: Failed to get match information for matchId=NA1_undefined. Maybe the match is not over yet? error=GenericError: Request failed with status code 404
2025-09-27T09:57:40.270Z [error] module-league-state: Loading match failed for gameId=undefined
2025-12-14T09:20:18.790Z [error] lpte-svc: Request timed out after 5000ms. Request meta={"namespace":"module-league-in-game","type":"request","version":1,"reply":"request-c8952884","channelType":"REQUEST"}
2025-12-14T09:20:21.271Z [error] lpte-svc: Request timed out after 5000ms. Request meta={"namespace":"module-league-static","type":"request-constants","version":1,"reply":"request-constants-f4dcfe09","channelType":"REQUEST"}
2025-12-14T09:20:24.257Z [error] lpte-svc: Request timed out after 5000ms. Request meta={"namespace":"module-league-state","type":"set-game","version":1,"reply":"set-game-2610124","channelType":"REQUEST"}
2025-12-14T09:20:24.258Z [error] lpte-svc: Request timed out after 5000ms. Request meta={"channelType":"REQUEST","namespace":"module-league-static","type":"request-constants","version":1,"sender":{"name":"module-league-state","version":"4.14.2","mode":"PLUGIN","path":"C:\\Users\\Nicholas\\Desktop\\Prod Tool Kit\\modules\\module-league-state"},"reply":"request-constants-lku6k8kmj5il0sa"}
2025-12-14T09:20:26.866Z [error] lpte-svc: Request timed out after 5000ms. Request meta={"namespace":"module-league-state","type":"set-game","version":1,"reply":"set-game-129d5fff","channelType":"REQUEST"}
2025-12-14T09:20:26.868Z [error] lpte-svc: Request timed out after 5000ms. Request meta={"channelType":"REQUEST","namespace":"module-league-static","type":"request-constants","version":1,"sender":{"name":"module-league-state","version":"4.14.2","mode":"PLUGIN","path":"C:\\Users\\Nicholas\\Desktop\\Prod Tool Kit\\modules\\module-league-state"},"reply":"request-constants-lku6k8kmj5il2sr"}
2025-12-14T09:20:36.750Z [error] lpte-svc: Request timed out after 5000ms. Request meta={"namespace":"module-league-state","type":"set-game","version":1,"reply":"set-game-dcb0eced","channelType":"REQUEST"}
2025-12-14T09:20:36.752Z [error] lpte-svc: Request timed out after 5000ms. Request meta={"channelType":"REQUEST","namespace":"module-league-static","type":"request-constants","version":1,"sender":{"name":"module-league-state","version":"4.14.2","mode":"PLUGIN","path":"C:\\Users\\Nicholas\\Desktop\\Prod Tool Kit\\modules\\module-league-state"},"reply":"request-constants-lku6k8kmj5ilafb"}
2025-12-14T09:20:41.675Z [error] lpte-svc: Request timed out after 5000ms. Request meta={"namespace":"module-league-state","type":"set-game","version":1,"reply":"set-game-cbebec36","channelType":"REQUEST"}
2025-12-14T09:20:41.678Z [error] lpte-svc: Request timed out after 5000ms. Request meta={"channelType":"REQUEST","namespace":"module-league-static","type":"request-constants","version":1,"sender":{"name":"module-league-state","version":"4.14.2","mode":"PLUGIN","path":"C:\\Users\\Nicholas\\Desktop\\Prod Tool Kit\\modules\\module-league-state"},"reply":"request-constants-lku6k8kmj5ile85"}
2025-12-14T09:20:49.186Z [error] lpte-svc: Request timed out after 5000ms. Request meta={"namespace":"module-league-static","type":"request-constants","version":1,"reply":"request-constants-e206d8b0","channelType":"REQUEST"}
2025-12-14T09:20:54.948Z [error] lpte-svc: Request timed out after 5000ms. Request meta={"namespace":"module-league-state","type":"set-game","version":1,"reply":"set-game-79d919a4","channelType":"REQUEST"}
2025-12-14T09:20:54.948Z [error] lpte-svc: Request timed out after 5000ms. Request meta={"channelType":"REQUEST","namespace":"module-league-static","type":"request-constants","version":1,"sender":{"name":"module-league-state","version":"4.14.2","mode":"PLUGIN","path":"C:\\Users\\Nicholas\\Desktop\\Prod Tool Kit\\modules\\module-league-state"},"reply":"request-constants-lku6k8kmj5ilogt"}
2025-12-14T09:20:57.835Z [error] lpte-svc: Request timed out after 5000ms. Request meta={"namespace":"module-league-static","type":"request-constants","version":1,"reply":"request-constants-9314ac2b","channelType":"REQUEST"}
2025-12-14T09:21:15.237Z [error] lpte-svc: Request timed out after 5000ms. Request meta={"namespace":"module-league-state","type":"set-game","version":1,"reply":"set-game-b50878bc","channelType":"REQUEST"}
2025-12-14T09:21:15.237Z [error] lpte-svc: Request timed out after 5000ms. Request meta={"channelType":"REQUEST","namespace":"module-league-static","type":"request-constants","version":1,"sender":{"name":"module-league-state","version":"4.14.2","mode":"PLUGIN","path":"C:\\Users\\Nicholas\\Desktop\\Prod Tool Kit\\modules\\module-league-state"},"reply":"request-constants-lku6k8kmj5im44c"}
2025-12-14T09:21:26.777Z [error] lpte-svc: Request timed out after 5000ms. Request meta={"namespace":"module-league-state","type":"set-game","version":1,"reply":"set-game-7081682a","channelType":"REQUEST"}
2025-12-14T09:21:26.778Z [error] lpte-svc: Request timed out after 5000ms. Request meta={"channelType":"REQUEST","namespace":"module-league-static","type":"request-constants","version":1,"sender":{"name":"module-league-state","version":"4.14.2","mode":"PLUGIN","path":"C:\\Users\\Nicholas\\Desktop\\Prod Tool Kit\\modules\\module-league-state"},"reply":"request-constants-lku6k8kmj5imd0y"}
2026-01-09T06:38:06.716Z [error] lpte-svc: Request timed out after 5000ms. Request meta={"namespace":"module-league-static","type":"request-constants","version":1,"reply":"request-constants-69cd86d7","channelType":"REQUEST"}
2026-01-09T06:38:47.532Z [error] lpte-svc: Request timed out after 5000ms. Request meta={"namespace":"module-league-state","type":"set-game","version":1,"reply":"set-game-46a760cf","channelType":"REQUEST"}
2026-01-09T06:38:47.533Z [error] lpte-svc: Request timed out after 5000ms. Request meta={"channelType":"REQUEST","namespace":"module-league-static","type":"request-constants","version":1,"sender":{"name":"module-league-state","version":"4.14.2","mode":"PLUGIN","path":"C:\\Users\\Nicholas\\Desktop\\Prod Tool Kit\\modules\\module-league-state"},"reply":"request-constants-lku65womk6i9c2t"}
2026-01-09T06:39:02.906Z [error] lpte-svc: Request timed out after 5000ms. Request meta={"namespace":"module-league-state","type":"set-game","version":1,"reply":"set-game-aacff855","channelType":"REQUEST"}
2026-01-09T06:39:02.909Z [error] lpte-svc: Request timed out after 5000ms. Request meta={"channelType":"REQUEST","namespace":"module-league-static","type":"request-constants","version":1,"sender":{"name":"module-league-state","version":"4.14.2","mode":"PLUGIN","path":"C:\\Users\\Nicholas\\Desktop\\Prod Tool Kit\\modules\\module-league-state"},"reply":"request-constants-lku65womk6i9nxw"}
2026-01-09T06:39:04.166Z [error] lpte-svc: Request timed out after 5000ms. Request meta={"namespace":"module-league-state","type":"set-game","version":1,"reply":"set-game-d45a8360","channelType":"REQUEST"}
2026-01-09T06:39:04.170Z [error] lpte-svc: Request timed out after 5000ms. Request meta={"channelType":"REQUEST","namespace":"module-league-static","type":"request-constants","version":1,"sender":{"name":"module-league-state","version":"4.14.2","mode":"PLUGIN","path":"C:\\Users\\Nicholas\\Desktop\\Prod Tool Kit\\modules\\module-league-state"},"reply":"request-constants-lku65womk6i9oww"}
2026-01-09T06:46:58.657Z [error] lpte-svc: Request timed out after 5000ms. Request meta={"namespace":"module-league-state","type":"set-game","version":1,"reply":"set-game-88b13e54","channelType":"REQUEST"}
2026-01-09T06:46:58.658Z [error] lpte-svc: Request timed out after 5000ms. Request meta={"channelType":"REQUEST","namespace":"module-league-static","type":"request-constants","version":1,"sender":{"name":"module-league-state","version":"4.14.2","mode":"PLUGIN","path":"C:\\Users\\Nicholas\\Desktop\\Prod Tool Kit\\modules\\module-league-state"},"reply":"request-constants-lku65womk6ijv16"}
2026-01-09T06:47:09.770Z [error] lpte-svc: Request timed out after 5000ms. Request meta={"namespace":"module-league-state","type":"set-game","version":1,"reply":"set-game-8615a9b7","channelType":"REQUEST"}
2026-01-09T06:47:09.770Z [error] lpte-svc: Request timed out after 5000ms. Request meta={"channelType":"REQUEST","namespace":"module-league-static","type":"request-constants","version":1,"sender":{"name":"module-league-state","version":"4.14.2","mode":"PLUGIN","path":"C:\\Users\\Nicholas\\Desktop\\Prod Tool Kit\\modules\\module-league-state"},"reply":"request-constants-lku65womk6ik3lu"}
2026-01-09T06:49:52.337Z [error] plugin-webapi: Failed to get match information for matchId=NA1_NA1_5342816024. Maybe the match is not over yet? error=GenericError: Request failed with status code 404
2026-01-09T06:49:52.337Z [error] module-league-state: Loading match failed for gameId=NA1_5342816024
2026-01-09T06:49:52.339Z [error] plugin-webapi: Failed to get match information for matchId=NA1_NA1_5342816024. Maybe the match is not over yet? error=GenericError: Request failed with status code 404
2026-01-09T06:49:52.342Z [error] module-league-state: Loading match failed for gameId=NA1_5342816024
2026-01-09T06:49:52.351Z [error] plugin-webapi: Failed to get match information for matchId=NA1_NA1_5342816024. Maybe the match is not over yet? error=GenericError: Request failed with status code 404
2026-01-09T06:49:52.356Z [error] plugin-webapi: Failed to get match information for matchId=NA1_NA1_5342816024. Maybe the match is not over yet? error=GenericError: Request failed with status code 404
2026-01-28T22:44:23.458Z [error] lpte-svc: Request timed out after 5000ms. Request meta={"namespace":"module-league-static","type":"request-constants","version":1,"reply":"request-constants-7284c647","channelType":"REQUEST"}
2026-01-28T22:44:59.373Z [error] lpte-svc: Request timed out after 5000ms. Request meta={"namespace":"module-league-state","type":"set-game","version":1,"reply":"set-game-9d36434d","channelType":"REQUEST"}
2026-01-28T22:44:59.374Z [error] lpte-svc: Request timed out after 5000ms. Request meta={"channelType":"REQUEST","namespace":"module-league-static","type":"request-constants","version":1,"sender":{"name":"module-league-state","version":"4.16.1","mode":"PLUGIN","path":"C:\\Users\\Nicholas\\Documents\\GitHub\\D1\\Prod Tool Kit\\modules\\module-league-state"},"reply":"request-constants-lku6llomkym523o"}
2026-01-28T22:45:08.275Z [error] lpte-svc: Request timed out after 5000ms. Request meta={"namespace":"module-league-static","type":"request-constants","version":1,"reply":"request-constants-824383d2","channelType":"REQUEST"}
2026-01-28T22:45:11.968Z [error] lpte-svc: Request timed out after 5000ms. Request meta={"namespace":"module-league-state","type":"set-game","version":1,"reply":"set-game-bae354c8","channelType":"REQUEST"}
2026-01-28T22:45:11.970Z [error] lpte-svc: Request timed out after 5000ms. Request meta={"channelType":"REQUEST","namespace":"module-league-static","type":"request-constants","version":1,"sender":{"name":"module-league-state","version":"4.16.1","mode":"PLUGIN","path":"C:\\Users\\Nicholas\\Documents\\GitHub\\D1\\Prod Tool Kit\\modules\\module-league-state"},"reply":"request-constants-lku6llomkym5btl"}
2026-01-28T22:45:18.677Z [error] lpte-svc: Request timed out after 5000ms. Request meta={"namespace":"module-league-state","type":"set-game","version":1,"reply":"set-game-7de0b85e","channelType":"REQUEST"}
2026-01-28T22:45:18.677Z [error] lpte-svc: Request timed out after 5000ms. Request meta={"channelType":"REQUEST","namespace":"module-league-static","type":"request-constants","version":1,"sender":{"name":"module-league-state","version":"4.16.1","mode":"PLUGIN","path":"C:\\Users\\Nicholas\\Documents\\GitHub\\D1\\Prod Tool Kit\\modules\\module-league-state"},"reply":"request-constants-lku6llomkym5gzy"}
2026-02-09T23:52:32.226Z [error] lpte-svc: Request timed out after 5000ms. Request meta={"namespace":"module-league-static","type":"request-constants","version":1,"reply":"request-constants-e4fbb90d","channelType":"REQUEST"}
2026-02-10T00:23:43.114Z [error] lpte-svc: Request timed out after 5000ms. Request meta={"namespace":"module-league-state","type":"set-game","version":1,"reply":"set-game-6f0f9e83","channelType":"REQUEST"}
2026-02-10T00:23:43.114Z [error] lpte-svc: Request timed out after 5000ms. Request meta={"channelType":"REQUEST","namespace":"module-league-static","type":"request-constants","version":1,"sender":{"name":"module-league-state","version":"4.16.1","mode":"PLUGIN","path":"C:\\Users\\Nicholas\\Documents\\GitHub\\D1\\Prod Tool Kit\\modules\\module-league-state"},"reply":"request-constants-lku6qtwmlfuy8w2"}
